============================================================
GPT UPGRADE VERIFICATION TEST
============================================================

User: ??????? ????? 125 ???? 375?
AI: ????????? ?? ?????? ???????: 125.0 + 375.0 = 500.0
